// Jest Snapshot v1, https://goo.gl/fbAQLP

exports[`Search should render 1`] = `
<div>
  <input
    onChange={[Function]}
    placeholder="Filter"
    type="text"
  />
  foo
</div>
`;
